1 hrdata_s2[31]
2 hrdata_s2[30]
3 hrdata_s2[29]
4 hrdata_s2[28]
5 hrdata_s2[27]
6 hrdata_s2[26]
7 hrdata_s2[25]
8 hrdata_s2[24]
9 hrdata_s2[23]
10 hrdata_s2[22]
11 hrdata_s2[21]
12 hrdata_s2[20]
13 hrdata_s2[19]
14 hrdata_s2[18]
15 hrdata_s2[17]
16 hrdata_s2[16]
17 hrdata_s2[15]
18 hrdata_s2[14]
19 hrdata_s2[13]
20 hrdata_s2[12]
21 hrdata_s2[11]
22 hrdata_s2[10]
23 hrdata_s2[9]
24 hrdata_s2[8]
25 hrdata_s2[7]
26 hrdata_s2[6]
27 hrdata_s2[5]
28 hrdata_s2[4]
29 hrdata_s2[3]
30 hrdata_s2[2]
31 hrdata_s2[1]
32 hrdata_s2[0]
33 s_sa[2]
34 s_sa[1]
35 s_scl
36 s_cas_latency[0]
37 gpo[5]
38 gpo[1]
39 s_sda_in
40 gpi[7]
41 gpi[6]
42 gpi[5]
43 gpi[4]
44 gpi[3]
45 gpi[2]
46 gpi[1]
47 gpi[0]
48 memctl_v4/U_miu/n85
49 memctl_v4/U_miu/n93
50 memctl_v4/U_miu/cr_exn_mode_value[4]
51 u_cortexm0ds/SYNOPSYS_UNCONNECTED_231
52 u_cortexm0ds/SYNOPSYS_UNCONNECTED_232
53 u_cortexm0ds/SYNOPSYS_UNCONNECTED_233
54 u_cortexm0ds/SYNOPSYS_UNCONNECTED_234
55 u_cortexm0ds/SYNOPSYS_UNCONNECTED_235
56 u_cortexm0ds/SYNOPSYS_UNCONNECTED_236
57 u_cortexm0ds/SYNOPSYS_UNCONNECTED_237
58 u_cortexm0ds/SYNOPSYS_UNCONNECTED_238
59 u_cortexm0ds/SYNOPSYS_UNCONNECTED_239
60 u_cortexm0ds/SYNOPSYS_UNCONNECTED_240
61 u_cortexm0ds/SYNOPSYS_UNCONNECTED_241
62 u_cortexm0ds/SYNOPSYS_UNCONNECTED_242
63 u_cortexm0ds/SYNOPSYS_UNCONNECTED_243
64 u_cortexm0ds/SYNOPSYS_UNCONNECTED_244
65 u_cortexm0ds/SYNOPSYS_UNCONNECTED_245
66 u_cortexm0ds/SYNOPSYS_UNCONNECTED_246
67 u_cortexm0ds/SYNOPSYS_UNCONNECTED_247
68 u_cortexm0ds/SYNOPSYS_UNCONNECTED_248
69 u_cortexm0ds/SYNOPSYS_UNCONNECTED_249
70 u_cortexm0ds/SYNOPSYS_UNCONNECTED_250
71 u_cortexm0ds/SYNOPSYS_UNCONNECTED_251
72 u_cortexm0ds/SYNOPSYS_UNCONNECTED_252
73 u_cortexm0ds/SYNOPSYS_UNCONNECTED_253
74 u_cortexm0ds/SYNOPSYS_UNCONNECTED_254
75 u_cortexm0ds/SYNOPSYS_UNCONNECTED_547
